// Jest Snapshot v1, https://goo.gl/fbAQLP

exports[`<ChargerStationContent /> should match snapshot 1`] = `
<div>
  <div
    class="css-1ynyhby"
  >
    <div
      class="css-1dznbe2"
    >
      <div
        class="css-1fhgjcy"
      >
        <p
          class="MuiTypography-root MuiTypography-subtitle1 css-dlbwt1-MuiTypography-root"
        >
          Testinimi
        </p>
      </div>
    </div>
    <div>
      <div
        class="css-1fhgjcy"
      >
        <p
          class="MuiTypography-root MuiTypography-body2 css-1ak20dk-MuiTypography-root"
        >
          Osoite: osoite
        </p>
      </div>
      <div
        class="css-1fhgjcy"
      >
        <p
          class="MuiTypography-root MuiTypography-body2 css-1ak20dk-MuiTypography-root"
        >
          Ylläpitäjä: Testiylläpitäjä
        </p>
      </div>
      <div
        class="css-1fhgjcy"
      >
        <p
          class="MuiTypography-root MuiTypography-body2 css-1ak20dk-MuiTypography-root"
        >
          Maksullinen
        </p>
      </div>
      <div
        class="css-1fhgjcy"
      >
        <h3
          class="MuiTypography-root MuiTypography-subtitle2 css-chrj9w-MuiTypography-root"
        >
          Latausasemat
          :
        </h3>
      </div>
      <div
        class="css-1q1ltto"
      >
        <div
          class="css-1fhgjcy"
        >
          <p
            class="MuiTypography-root MuiTypography-body2 css-1ak20dk-MuiTypography-root"
          >
            Sähkölatausaseman tyyppi: CCS
          </p>
        </div>
        <div
          class="css-1fhgjcy"
        >
          <p
            class="MuiTypography-root MuiTypography-body2 css-1ak20dk-MuiTypography-root"
          >
            Määrä: 4
          </p>
        </div>
        <p
          class="MuiTypography-root MuiTypography-body2 css-1ak20dk-MuiTypography-root"
        >
          Teho: 50 kW
        </p>
      </div>
    </div>
  </div>
</div>
`;
