// Jest Snapshot v1, https://goo.gl/fbAQLP

exports[`<ChargerStationContent /> should match snapshot 1`] = `
<div>
  <div
    class="injectIntl(ChargerStationContent)-container-1"
  >
    <div
      class="injectIntl(ChargerStationContent)-headerContainer-2"
    >
      <div
        class="injectIntl(TextComponent)-margin-6"
      >
        <p
          class="MuiTypography-root MuiTypography-subtitle1 css-dlbwt1-MuiTypography-root"
        >
          Testinimi
        </p>
      </div>
    </div>
    <div
      class="injectIntl(ChargerStationContent)-textContainer-3"
    >
      <div
        class="injectIntl(TextComponent)-margin-6"
      >
        <p
          class="MuiTypography-root MuiTypography-body2 css-1ak20dk-MuiTypography-root"
        >
          Osoite: osoite
        </p>
      </div>
      <div
        class="injectIntl(TextComponent)-margin-6"
      >
        <p
          class="MuiTypography-root MuiTypography-body2 css-1ak20dk-MuiTypography-root"
        >
          Ylläpitäjä: Testiylläpitäjä
        </p>
      </div>
      <div
        class="injectIntl(ChargerStationContent)-margin-5"
      >
        <p
          class="MuiTypography-root MuiTypography-body2 css-1ak20dk-MuiTypography-root"
        >
          Maksullinen
        </p>
      </div>
      <div
        class="injectIntl(ChargerStationContent)-margin-5"
      >
        <h6
          class="MuiTypography-root MuiTypography-subtitle2 css-chrj9w-MuiTypography-root"
        >
          Latausasemat
          :
        </h6>
      </div>
      <div
        class="injectIntl(ChargerStationContent)-contentInner-4"
      >
        <div>
          <p
            class="MuiTypography-root MuiTypography-body2 css-1ak20dk-MuiTypography-root"
          >
            Sähkölatausaseman tyyppi: CCS
          </p>
        </div>
        <div>
          <p
            class="MuiTypography-root MuiTypography-body2 css-1ak20dk-MuiTypography-root"
          >
            Määrä: 4
          </p>
        </div>
        <p
          class="MuiTypography-root MuiTypography-body2 css-1ak20dk-MuiTypography-root"
        >
          Teho: 50 kW
        </p>
      </div>
    </div>
  </div>
</div>
`;
