// Jest Snapshot v1, https://goo.gl/fbAQLP

exports[`<GasFillingStationContent /> should match snapshot 1`] = `
<div>
  <div
    class="injectIntl(GasFillingStationContent)-container-1"
  >
    <div
      class="injectIntl(GasFillingStationContent)-headerContainer-2"
    >
      <h3
        class="MuiTypography-root MuiTypography-subtitle1 css-dlbwt1-MuiTypography-root"
      >
        Testinimi
      </h3>
    </div>
    <div
      class="injectIntl(GasFillingStationContent)-textContainer-3"
    >
      <div
        class="injectIntl(GasFillingStationContent)-margin-5"
      >
        <p
          class="MuiTypography-root MuiTypography-body2 css-1ak20dk-MuiTypography-root"
        >
          Osoite: Osoite
        </p>
      </div>
      <div
        class="injectIntl(GasFillingStationContent)-margin-5"
      >
        <p
          class="MuiTypography-root MuiTypography-body2 css-1ak20dk-MuiTypography-root"
        >
          Kaasuaseman tyyppi: LNG
        </p>
      </div>
      <div
        class="injectIntl(GasFillingStationContent)-margin-5"
      >
        <p
          class="MuiTypography-root MuiTypography-body2 css-1ak20dk-MuiTypography-root"
        >
          Operaattori: Operaattori
        </p>
      </div>
    </div>
  </div>
</div>
`;
