// Jest Snapshot v1, https://goo.gl/fbAQLP

exports[`<AirportFlightsContent /> should match snapshot 1`] = `
<div>
  <div
    class="css-1ynyhby"
  >
    <div
      class="css-1dznbe2"
    >
      <h4
        class="MuiTypography-root MuiTypography-subtitle1 css-dlbwt1-MuiTypography-root"
      >
        Turun lentoasema
      </h4>
    </div>
    <div>
      <div
        class="css-1fhgjcy"
      >
        <p
          class="MuiTypography-root MuiTypography-subtitle1 css-dlbwt1-MuiTypography-root"
        >
          Lähtevät lennot:
        </p>
      </div>
      <div
        class="css-1do907m"
      >
        <div
          class="css-1fhgjcy"
        >
          <div
            class="css-q9leuv"
          >
            <div>
              <div
                data-src="test-file-stub"
                src=""
              />
            </div>
          </div>
        </div>
        <div
          class="css-1fhgjcy"
        >
          <p
            class="MuiTypography-root MuiTypography-body2 css-1ak20dk-MuiTypography-root"
          >
            TST1
          </p>
        </div>
        <div
          class="css-1fhgjcy"
        >
          <p
            class="MuiTypography-root MuiTypography-body2 css-1ak20dk-MuiTypography-root"
          >
            Tukholmaan
          </p>
        </div>
        <div
          class="css-1fhgjcy"
        >
          <p
            class="MuiTypography-root MuiTypography-body2 css-1ak20dk-MuiTypography-root"
          >
            26.04 14:00
          </p>
        </div>
      </div>
      <div
        class="css-1do907m"
      >
        <div
          class="css-1fhgjcy"
        >
          <div
            class="css-q9leuv"
          >
            <div>
              <div
                data-src="test-file-stub"
                src=""
              />
            </div>
          </div>
        </div>
        <div
          class="css-1fhgjcy"
        >
          <p
            class="MuiTypography-root MuiTypography-body2 css-1ak20dk-MuiTypography-root"
          >
            TST2
          </p>
        </div>
        <div
          class="css-1fhgjcy"
        >
          <p
            class="MuiTypography-root MuiTypography-body2 css-1ak20dk-MuiTypography-root"
          >
            Riikaan
          </p>
        </div>
        <div
          class="css-1fhgjcy"
        >
          <p
            class="MuiTypography-root MuiTypography-body2 css-1ak20dk-MuiTypography-root"
          >
            26.04 15:00
          </p>
        </div>
      </div>
      <div
        class="css-1do907m"
      >
        <div
          class="css-1fhgjcy"
        >
          <div
            class="css-q9leuv"
          >
            <div>
              <div
                data-src="test-file-stub"
                src=""
              />
            </div>
          </div>
        </div>
        <div
          class="css-1fhgjcy"
        >
          <p
            class="MuiTypography-root MuiTypography-body2 css-1ak20dk-MuiTypography-root"
          >
            TST3
          </p>
        </div>
        <div
          class="css-1fhgjcy"
        >
          <p
            class="MuiTypography-root MuiTypography-body2 css-1ak20dk-MuiTypography-root"
          >
            Roomaan
          </p>
        </div>
        <div
          class="css-1fhgjcy"
        >
          <p
            class="MuiTypography-root MuiTypography-body2 css-1ak20dk-MuiTypography-root"
          >
            26.04 20:00
          </p>
        </div>
      </div>
    </div>
    <div>
      <div
        class="css-1fhgjcy"
      >
        <p
          class="MuiTypography-root MuiTypography-subtitle1 css-dlbwt1-MuiTypography-root"
        >
          Saapuvat lennot:
        </p>
      </div>
      <div
        class="css-1fhgjcy"
      >
        <p
          class="MuiTypography-root MuiTypography-body2 css-1ak20dk-MuiTypography-root"
        >
          Ei saapuvia lentoja.
        </p>
      </div>
    </div>
  </div>
</div>
`;
