// Jest Snapshot v1, https://goo.gl/fbAQLP

exports[`<ButtonMain /> should work 1`] = `
<div>
  <button
    aria-label="Pyöräily"
    class="MuiButton-root MuiButton-outlined MuiButton-outlinedPrimary MuiButton-sizeMedium MuiButton-outlinedSizeMedium MuiButtonBase-root injectIntl(ButtonMain)-button-1 css-1d3jj02-MuiButtonBase-root-MuiButton-root"
    tabindex="0"
    type="button"
  >
    <div
      class="injectIntl(ButtonMain)-icon-4"
    >
      <div>
        <div
          data-src="testi"
          src=""
        />
      </div>
    </div>
    <p
      class="MuiTypography-root MuiTypography-body2 css-1ak20dk-MuiTypography-root"
    >
      Pyöräily
    </p>
  </button>
</div>
`;
