// Jest Snapshot v1, https://goo.gl/fbAQLP

exports[`<PaginationComponent /> should work 1`] = `
<div>
  <div
    class="Container-root-11    injectIntl(PaginationComponent)-buttonContainer-5"
  >
    <button
      aria-label="Aiempi sivu"
      class="MuiButtonBase-root ForwardRef-button-16  ForwardRef-marginRight-19 injectIntl(PaginationComponent)-button-4 injectIntl(PaginationComponent)-arrowFlip-2 injectIntl(PaginationComponent)-borderBlack-3 ForwardRef-primary-20"
      role="link"
      tabindex="0"
      type="button"
      variant="contained"
    >
      <svg
        aria-hidden="true"
        class="MuiSvgIcon-root injectIntl(PaginationComponent)-arrowIcon-1"
        focusable="false"
        viewBox="0 0 24 24"
      >
        <path
          d="M5.88 4.12L13.76 12l-7.88 7.88L8 22l10-10L8 2z"
        />
      </svg>
    </button>
    <button
      aria-label="Seuraava sivu"
      class="MuiButtonBase-root ForwardRef-button-16  ForwardRef-marginRight-19 injectIntl(PaginationComponent)-button-4 injectIntl(PaginationComponent)-borderBlack-3 ForwardRef-primary-20"
      role="link"
      tabindex="0"
      type="button"
      variant="contained"
    >
      <svg
        aria-hidden="true"
        class="MuiSvgIcon-root injectIntl(PaginationComponent)-arrowIcon-1"
        focusable="false"
        viewBox="0 0 24 24"
      >
        <path
          d="M5.88 4.12L13.76 12l-7.88 7.88L8 22l10-10L8 2z"
        />
      </svg>
    </button>
    <div
      class="Container-root-11    injectIntl(PaginationComponent)-listContainer-7"
    >
      <ul
        class="injectIntl(PaginationComponent)-list-6"
      >
        <li>
          <button
            class="MuiButtonBase-root"
            role="link"
            tabindex="0"
            type="button"
          >
            <p
              class="MuiTypography-root  PageElement-pageItem-33 PageElement-pageElement-31 MuiTypography-subtitle1"
            >
              <span
                class="MuiTypography-root MuiTypography-srOnly"
              >
                Avaa sivu 1
              </span>
              <span
                aria-hidden="true"
              >
                1
              </span>
            </p>
          </button>
        </li>
        <li>
          <button
            class="MuiButtonBase-root Mui-disabled"
            disabled=""
            role="link"
            tabindex="-1"
            type="button"
          >
            <p
              class="MuiTypography-root  PageElement-pageItem-33 PageElement-pageElementActive-32 MuiTypography-subtitle1"
            >
              <span
                class="MuiTypography-root MuiTypography-srOnly"
              >
                Sivu 2, avattu
              </span>
              <span
                aria-hidden="true"
              >
                2
              </span>
            </p>
          </button>
        </li>
        <li>
          <button
            class="MuiButtonBase-root"
            role="link"
            tabindex="0"
            type="button"
          >
            <p
              class="MuiTypography-root  PageElement-pageItem-33 PageElement-pageElement-31 MuiTypography-subtitle1"
            >
              <span
                class="MuiTypography-root MuiTypography-srOnly"
              >
                Avaa sivu 3
              </span>
              <span
                aria-hidden="true"
              >
                3
              </span>
            </p>
          </button>
        </li>
        <li>
          <button
            class="MuiButtonBase-root"
            role="link"
            tabindex="0"
            type="button"
          >
            <p
              class="MuiTypography-root  PageElement-pageItem-33 PageElement-pageElement-31 MuiTypography-subtitle1"
            >
              <span
                class="MuiTypography-root MuiTypography-srOnly"
              >
                Avaa sivu 4
              </span>
              <span
                aria-hidden="true"
              >
                4
              </span>
            </p>
          </button>
        </li>
        <li>
          <button
            class="MuiButtonBase-root"
            role="link"
            tabindex="0"
            type="button"
          >
            <p
              class="MuiTypography-root  PageElement-pageItem-33 PageElement-pageElement-31 MuiTypography-subtitle1"
            >
              <span
                class="MuiTypography-root MuiTypography-srOnly"
              >
                Avaa sivu 5
              </span>
              <span
                aria-hidden="true"
              >
                5
              </span>
            </p>
          </button>
        </li>
      </ul>
    </div>
  </div>
</div>
`;
