// Jest Snapshot v1, https://goo.gl/fbAQLP

exports[`<Description /> should work 1`] = `
<div>
  <div>
    <div
      class="injectIntl(Description)-paragraph-1"
    >
      <p
        aria-label="testikuvaus"
        class="MuiTypography-root MuiTypography-body2 css-1ak20dk-MuiTypography-root"
      >
        testikuvaus
      </p>
    </div>
  </div>
</div>
`;
