// Jest Snapshot v1, https://goo.gl/fbAQLP

exports[`<CityBikesContent /> should work 1`] = `
<div>
  <div
    class="css-1ynyhby"
  >
    <div
      class="css-1dznbe2"
    >
      <h3
        class="MuiTypography-root MuiTypography-subtitle1 css-dlbwt1-MuiTypography-root"
      >
        Kaupunkipyöräasema
      </h3>
    </div>
    <div
      class="css-1fhgjcy"
    >
      <p
        class="MuiTypography-root MuiTypography-body2 css-1ak20dk-MuiTypography-root"
      >
        Asema: Testiasema
      </p>
    </div>
    <div
      class="css-1fhgjcy"
    >
      <p
        class="MuiTypography-root MuiTypography-body2 css-1ak20dk-MuiTypography-root"
      >
        Virtuaaliasema
      </p>
    </div>
    <div
      class="css-1fhgjcy"
    >
      <p
        class="MuiTypography-root MuiTypography-body2 css-1ak20dk-MuiTypography-root"
      >
        Vapaita paikkoja: 10
      </p>
    </div>
    <div>
      <div
        class="css-1fhgjcy"
      >
        <p
          class="MuiTypography-root MuiTypography-body2 css-1ak20dk-MuiTypography-root"
        >
          Pyöriä vapaana: 10
        </p>
      </div>
    </div>
    <div
      class="css-1fhgjcy"
    >
      <p
        class="MuiTypography-root MuiTypography-body2 css-17kieg4-MuiTypography-root"
      >
        Varauslinkit
        :
      </p>
    </div>
    <div
      class="css-1fhgjcy"
    >
      <a
        class="MuiTypography-root MuiTypography-inherit MuiLink-root MuiLink-underlineAlways css-11g60ih-MuiTypography-root-MuiLink-root"
        href="https://www.testilinkki.fi"
        target="_blank"
      >
        <p
          class="MuiTypography-root MuiTypography-body2 css-77qfvr-MuiTypography-root"
        >
          Android
        </p>
      </a>
    </div>
    <div
      class="css-1fhgjcy"
    >
      <a
        class="MuiTypography-root MuiTypography-inherit MuiLink-root MuiLink-underlineAlways css-11g60ih-MuiTypography-root-MuiLink-root"
        href="https://www.testilinkki.fi"
        target="_blank"
      >
        <p
          class="MuiTypography-root MuiTypography-body2 css-77qfvr-MuiTypography-root"
        >
          iOS
        </p>
      </a>
    </div>
  </div>
</div>
`;
