// Jest Snapshot v1, https://goo.gl/fbAQLP

exports[`<CityBikesContent /> should work 1`] = `
<div>
  <div
    class="injectIntl(CityBikesContent)-popupInner-1"
  >
    <div
      class="injectIntl(CityBikesContent)-subtitle-2"
    >
      <h3
        class="MuiTypography-root MuiTypography-subtitle1 css-dlbwt1-MuiTypography-root"
      >
        Kaupunkipyöräasema
      </h3>
    </div>
    <div
      class="injectIntl(CityBikesContent)-paragraph-3"
    >
      <p
        class="MuiTypography-root MuiTypography-body2 css-1ak20dk-MuiTypography-root"
      >
        <strong>
          Asema
        </strong>
        :
         
        Testiasema
      </p>
    </div>
    <div
      class="injectIntl(CityBikesContent)-paragraph-3"
    >
      <p
        class="MuiTypography-root MuiTypography-body2 css-1ak20dk-MuiTypography-root"
      >
        Virtuaaliasema
      </p>
    </div>
    <div
      class="injectIntl(CityBikesContent)-paragraph-3"
    >
      <p
        class="MuiTypography-root MuiTypography-body2 css-1ak20dk-MuiTypography-root"
      >
        <strong>
          Kapasiteetti
        </strong>
        :
         
        20
      </p>
    </div>
    <div>
      <div
        class="injectIntl(CityBikesContent)-paragraph-3"
      >
        <p
          class="MuiTypography-root MuiTypography-body2 css-1ak20dk-MuiTypography-root"
        >
          <strong>
            Pyöriä vapaana
          </strong>
          :
           
          10
        </p>
      </div>
      <div
        class="injectIntl(CityBikesContent)-paragraph-3"
      >
        <p
          class="MuiTypography-root MuiTypography-body2 css-1ak20dk-MuiTypography-root"
        >
          <strong>
            Telineitä vapaana
          </strong>
          :
           
          20
        </p>
      </div>
    </div>
    <div
      class="injectIntl(CityBikesContent)-paragraph-3"
    >
      <p
        class="MuiTypography-root MuiTypography-body2 injectIntl(CityBikesContent)-bold-4 css-1ak20dk-MuiTypography-root"
      >
        Varauslinkit
        :
      </p>
    </div>
    <div
      class="injectIntl(CityBikesContent)-paragraph-3"
    >
      <a
        class="MuiTypography-root MuiTypography-inherit MuiLink-root MuiLink-underlineAlways css-fixjtq-MuiTypography-root-MuiLink-root"
        href="https://www.testilinkki.fi"
        target="_blank"
      >
        <p
          class="MuiTypography-root MuiTypography-body2 injectIntl(CityBikesContent)-link-5 css-1ak20dk-MuiTypography-root"
        >
          Android
        </p>
      </a>
    </div>
    <div
      class="injectIntl(CityBikesContent)-paragraph-3"
    >
      <a
        class="MuiTypography-root MuiTypography-inherit MuiLink-root MuiLink-underlineAlways css-fixjtq-MuiTypography-root-MuiLink-root"
        href="https://www.testilinkki.fi"
        target="_blank"
      >
        <p
          class="MuiTypography-root MuiTypography-body2 injectIntl(CityBikesContent)-link-5 css-1ak20dk-MuiTypography-root"
        >
          iOS
        </p>
      </a>
    </div>
  </div>
</div>
`;
