// Jest Snapshot v1, https://goo.gl/fbAQLP

exports[`<DisabledParkingContent /> should work 1`] = `
<div>
  <div
    class="injectIntl(DisabledParkingContent)-container-1"
  >
    <div
      class="injectIntl(DisabledParkingContent)-headerContainer-2"
    >
      <h6
        class="MuiTypography-root MuiTypography-subtitle1"
      >
        Invapysäköintialue
      </h6>
    </div>
    <div
      class="injectIntl(DisabledParkingContent)-textContainer-3"
    >
      <p
        class="MuiTypography-root MuiTypography-body2"
      >
        Invapaikkojen määrä
        :
         
        5
      </p>
      <p
        class="MuiTypography-root MuiTypography-body2"
      >
        Parkkipaikkoja yhteensä
        :
         
        5
      </p>
      <p
        class="MuiTypography-root MuiTypography-body2"
      >
        Erityisalue
      </p>
      <p
        class="MuiTypography-root MuiTypography-body2"
      >
        Vapaa pääsy
      </p>
    </div>
  </div>
</div>
`;
