// Jest Snapshot v1, https://goo.gl/fbAQLP

exports[`<RoadworksContent /> does match snapshot 1`] = `
<div>
  <div
    class="css-1ynyhby"
  >
    <div
      class="css-1dznbe2"
    >
      <h4
        class="MuiTypography-root MuiTypography-subtitle2 css-wfeqti-MuiTypography-root"
      >
        Test roadwork
      </h4>
    </div>
    <div>
      <div
        class="css-1fhgjcy"
      >
        <p
          class="MuiTypography-root MuiTypography-body2 css-qabfq1-MuiTypography-root"
        >
          Test desc
        </p>
      </div>
      <div
        class="css-1fhgjcy"
      >
        <p
          class="MuiTypography-root MuiTypography-body2 css-qabfq1-MuiTypography-root"
        >
          Comment
        </p>
      </div>
      <div
        class="css-1fhgjcy"
      >
        <p
          class="MuiTypography-root MuiTypography-body2 css-1ak20dk-MuiTypography-root"
        >
          Test limit: 50 km/h
        </p>
      </div>
      <div
        class="css-1fhgjcy"
      >
        <p
          class="MuiTypography-root MuiTypography-body2 css-qabfq1-MuiTypography-root"
        >
          Aika: 10.04.2024 - 05.06.2024
        </p>
      </div>
    </div>
  </div>
</div>
`;
