// Jest Snapshot v1, https://goo.gl/fbAQLP

exports[`<BikeServiceStationContent /> should work 1`] = `
<div>
  <div
    class="injectIntl(BikeServiceStationContent)-container-1"
  >
    <div
      class="injectIntl(BikeServiceStationContent)-container-1"
    >
      <div
        class="injectIntl(BikeServiceStationContent)-headerContainer-2"
      >
        <h6
          class="MuiTypography-root MuiTypography-subtitle1"
        >
          Testi
        </h6>
      </div>
      <div
        class="injectIntl(BikeServiceStationContent)-textContainer-3"
      >
        <div
          class="injectIntl(BikeServiceStationContent)-margin-5"
        >
          <p
            class="MuiTypography-root MuiTypography-body2"
          >
            <strong>
              Osoite
              :
            </strong>
             
            osoite
          </p>
        </div>
        <p
          class="MuiTypography-root MuiTypography-body2"
        >
          testikuvaus
        </p>
      </div>
    </div>
  </div>
</div>
`;
