// Jest Snapshot v1, https://goo.gl/fbAQLP

exports[`<BikeServiceStationContent /> should match snapshot 1`] = `
<div>
  <div
    class="BikeServiceStationContent-container-1"
  >
    <div
      class="BikeServiceStationContent-headerContainer-2"
    >
      <div
        class="injectIntl(TextComponent)-margin-6"
      >
        <p
          class="MuiTypography-root MuiTypography-subtitle1"
        >
          Testi
        </p>
      </div>
    </div>
    <div
      class="BikeServiceStationContent-textContainer-3"
    >
      <div
        class="injectIntl(TextComponent)-margin-6"
      >
        <p
          class="MuiTypography-root MuiTypography-body2"
        >
          Osoite: osoite
        </p>
      </div>
      <div
        class="injectIntl(TextComponent)-margin-6"
      >
        <p
          class="MuiTypography-root MuiTypography-body2"
        >
          testikuvaus
        </p>
      </div>
    </div>
  </div>
</div>
`;
