// Jest Snapshot v1, https://goo.gl/fbAQLP

exports[`<FormLabel /> should work 1`] = `
<div>
  <label
    class="MuiFormControlLabel-root injectIntl(FormLabel)-formLabel-1 injectIntl(FormLabel)-paddingMd-2"
  >
    <span
      class="MuiSwitch-root"
    >
      <span
        aria-disabled="false"
        class="MuiButtonBase-root MuiIconButton-root PrivateSwitchBase-root-4 MuiSwitch-switchBase MuiSwitch-colorSecondary"
        role="switch"
      >
        <span
          class="MuiIconButton-label"
        >
          <input
            aria-label="Polkupyöräpysäköinti"
            class="PrivateSwitchBase-input-7 MuiSwitch-input"
            type="checkbox"
            value=""
          />
          <span
            class="MuiSwitch-thumb"
          />
        </span>
      </span>
      <span
        class="MuiSwitch-track"
      />
    </span>
    <span
      class="MuiTypography-root MuiFormControlLabel-label MuiTypography-body2"
    >
      <p
        aria-label="Polkupyöräpysäköinti"
        class="MuiTypography-root MuiTypography-body2"
      >
        Polkupyöräpysäköinti
      </p>
    </span>
  </label>
</div>
`;
