// Jest Snapshot v1, https://goo.gl/fbAQLP

exports[`<TrailInfo /> should match snapshot 1`] = `
<div>
  <div>
    <div
      class="injectIntl(TrailInfo)-paragraph-1"
    >
      <p
        aria-label="Reitin pituus: 5 km"
        class="MuiTypography-root MuiTypography-body2"
      >
        Reitin pituus: 5 km
      </p>
    </div>
  </div>
</div>
`;
