// Jest Snapshot v1, https://goo.gl/fbAQLP

exports[`<SettingsButton /> should work 1`] = `
<div>
  <button
    aria-current="page"
    aria-haspopup="dialog"
    class="MuiButtonBase-root MuiButton-root MuiButton-text 
    undefined 
    
  "
    id="SettingsButtoncitySettings"
    role="button"
    tabindex="0"
    type="button"
  >
    <span
      class="MuiButton-label"
    >
      <p
        class="MuiTypography-root SettingsText-title-1 MuiTypography-subtitle1"
      >
        Kaupunki
      </p>
      <p
        class="MuiTypography-root SettingsText-text-3 MuiTypography-body2"
      >
        Näytä kaikki
      </p>
    </span>
  </button>
</div>
`;
