// Jest Snapshot v1, https://goo.gl/fbAQLP

exports[`<SliceList /> should match snapshot 1`] = `
<div>
  <div>
    <button
      class="MuiButton-root MuiButton-text MuiButton-textPrimary MuiButton-sizeMedium MuiButton-textSizeMedium MuiButtonBase-root injectIntl(SliceListButton)-button-1 css-1p2nkht-MuiButtonBase-root-MuiButton-root"
      tabindex="0"
      type="button"
    >
      <p
        aria-label="Näytä lisää reittejä"
        class="MuiTypography-root MuiTypography-body2 css-1ak20dk-MuiTypography-root"
      >
        Näytä lisää reittejä
      </p>
    </button>
  </div>
</div>
`;
