// Jest Snapshot v1, https://goo.gl/fbAQLP

exports[`<SpeedLimitZonesContent /> should match snapshot 1`] = `
<div>
  <div
    class="injectIntl(SpeedLimitZonesContent)-padding-1"
  >
    <div
      class="injectIntl(SpeedLimitZonesContent)-subtitle-2"
    >
      <h6
        class="MuiTypography-root MuiTypography-subtitle1 css-dlbwt1-MuiTypography-root"
      >
        Nopeusrajoitusalue
      </h6>
    </div>
    <p
      class="MuiTypography-root MuiTypography-body2 css-1ak20dk-MuiTypography-root"
    >
      Nopeusrajoitus: 40 km/t
    </p>
  </div>
</div>
`;
