// Jest Snapshot v1, https://goo.gl/fbAQLP

exports[`<TextContent /> should work 1`] = `
<div>
  <div
    class="injectIntl(TextContent)-container-1"
  >
    <div
      class="injectIntl(TextContent)-headerContainer-2"
    >
      <div>
        <h3
          class="MuiTypography-root MuiTypography-subtitle1 css-dlbwt1-MuiTypography-root"
        >
          Pysäköintikieltoalue
        </h3>
      </div>
    </div>
    <div
      class="injectIntl(TextContent)-textContainer-3"
    >
      <div>
        <p
          class="MuiTypography-root MuiTypography-body2 css-1ak20dk-MuiTypography-root"
        >
          Sähköpotkulautojen pysäköinti kartalla näkyville alueille on kielletty.
        </p>
      </div>
    </div>
  </div>
</div>
`;
