// Jest Snapshot v1, https://goo.gl/fbAQLP

exports[`<CityBikeInfo /> should work 1`] = `
<div>
  <div
    class="injectIntl(EmptyRouteList)-paragraph-1"
  >
    <p
      aria-label="Reittejä ladataan."
      class="MuiTypography-root MuiTypography-subtitle2 css-chrj9w-MuiTypography-root"
    >
      Reittejä ladataan.
    </p>
  </div>
</div>
`;
