// Jest Snapshot v1, https://goo.gl/fbAQLP

exports[`<CityBikeInfo /> should work 1`] = `
<div>
  <div
    class="css-1mvn81j"
  >
    <div
      class="css-19idom"
    >
      <p
        class="MuiTypography-root MuiTypography-body2 css-1ak20dk-MuiTypography-root"
      >
        Turun kaupunkipyörät eli tuttavallisemmin föllärit, ovat pyöriä, joita kuka vaan voi vuokrata Donkey Republicin sovelluksella.  Föllärin voi vuokrata kertamaksulla, kuukausimaksulla tai koko kesän kattavalla kausimaksulla.
      </p>
    </div>
    <div
      class="css-19idom"
    >
      <p
        class="MuiTypography-root MuiTypography-body2 css-1ak20dk-MuiTypography-root"
      >
        Jos sinulla on käytössä Fölin kausikortti, jonka kausi on vähintään 30 päivää, sisältää oikeuden käyttää fölläreitä tunnin ajan kerrallaan maksutta. Vuokrattavia pyöriä on 700 ja asemia yli 70 kappaletta.
      </p>
    </div>
    <div
      class="css-19idom"
    >
      <p
        class="MuiTypography-root MuiTypography-body2 css-1ak20dk-MuiTypography-root"
      >
        Lue lisää kaupunkipyöristä:
      </p>
    </div>
    <a
      class="MuiTypography-root MuiTypography-inherit MuiLink-root MuiLink-underlineAlways css-11g60ih-MuiTypography-root-MuiLink-root"
      href="https://foli.fi/föllärit"
      target="_blank"
    >
      <div
        class="css-19idom"
      >
        <p
          class="MuiTypography-root MuiTypography-body2 css-1ak20dk-MuiTypography-root"
        >
          https://www.foli.fi/fi/aikataulut-ja-reitit/fölifillarit
        </p>
      </div>
    </a>
    <div
      class="css-19idom"
    >
      <p
        class="MuiTypography-root MuiTypography-body2 css-1ak20dk-MuiTypography-root"
      >
        Kartan tiedot tulevat Donkey Republicin rajapinnasta reaaliajassa.
      </p>
    </div>
  </div>
</div>
`;
