// Jest Snapshot v1, https://goo.gl/fbAQLP

exports[`<CityBikeInfo /> should work 1`] = `
<div>
  <div
    class="injectIntl(CityBikeInfo)-container-1"
  >
    <p
      aria-label="Turun kaupunkipyörät eli tuttavallisemmin föllärit, ovat pyöriä, joita kuka vaan voi vuokrata Donkey Republicin sovelluksella.  Föllärin voi vuokrata kertamaksulla, kuukausimaksulla tai koko kesän kattavalla kausimaksulla."
      class="MuiTypography-root injectIntl(CityBikeInfo)-margin-2 MuiTypography-body2"
    >
      Turun kaupunkipyörät eli tuttavallisemmin föllärit, ovat pyöriä, joita kuka vaan voi vuokrata Donkey Republicin sovelluksella.  Föllärin voi vuokrata kertamaksulla, kuukausimaksulla tai koko kesän kattavalla kausimaksulla.
    </p>
    <p
      aria-label="Jos sinulla on käytössä Fölin kausikortti, jonka kausi on vähintään 30 päivää, sisältää oikeuden käyttää fölläreitä tunnin ajan kerrallaan maksutta. Vuokrattavia pyöriä on 700 ja asemia yli 70 kappaletta."
      class="MuiTypography-root injectIntl(CityBikeInfo)-margin-2 MuiTypography-body2"
    >
      Jos sinulla on käytössä Fölin kausikortti, jonka kausi on vähintään 30 päivää, sisältää oikeuden käyttää fölläreitä tunnin ajan kerrallaan maksutta. Vuokrattavia pyöriä on 700 ja asemia yli 70 kappaletta.
    </p>
    <p
      aria-label="Lue lisää kaupunkipyöristä:"
      class="MuiTypography-root injectIntl(CityBikeInfo)-margin-2 MuiTypography-body2"
    >
      Lue lisää kaupunkipyöristä:
    </p>
    <a
      class="MuiTypography-root MuiLink-root MuiLink-underlineHover MuiTypography-colorPrimary"
      href="https://foli.fi/föllärit"
      target="_blank"
    >
      <p
        aria-label="https://www.foli.fi/fi/aikataulut-ja-reitit/fölifillarit"
        class="MuiTypography-root injectIntl(CityBikeInfo)-margin-2 MuiTypography-body2"
      >
        https://www.foli.fi/fi/aikataulut-ja-reitit/fölifillarit
      </p>
    </a>
    <p
      aria-label="Kartan tiedot tulevat Donkey Republicin rajapinnasta reaaliajassa."
      class="MuiTypography-root injectIntl(CityBikeInfo)-margin-2 MuiTypography-body2"
    >
      Kartan tiedot tulevat Donkey Republicin rajapinnasta reaaliajassa.
    </p>
  </div>
</div>
`;
