// Jest Snapshot v1, https://goo.gl/fbAQLP

exports[`<PublicToiletsContent /> should work 1`] = `
<div>
  <div
    class="css-1ynyhby"
  >
    <div
      class="css-1dznbe2"
    >
      <div
        class="css-1fhgjcy"
      >
        <h3
          class="MuiTypography-root MuiTypography-subtitle1 css-dlbwt1-MuiTypography-root"
        >
          Yleinen vessa
        </h3>
      </div>
    </div>
    <div>
      <div
        class="css-1fhgjcy"
      >
        <h4
          class="MuiTypography-root MuiTypography-subtitle2 css-chrj9w-MuiTypography-root"
        >
          Aukioloajat:
        </h4>
      </div>
      <div
        class="css-1fhgjcy"
      >
        <p
          class="MuiTypography-root MuiTypography-body2 css-1ak20dk-MuiTypography-root"
        >
          Välillä: 1.10 - 30.4
        </p>
      </div>
      <div
        class="css-1fhgjcy"
      >
        <p
          class="MuiTypography-root MuiTypography-body2 css-1ak20dk-MuiTypography-root"
        >
          Joka päivä kello 7 - 23
        </p>
      </div>
      <div
        class="css-1fhgjcy"
      >
        <h4
          class="MuiTypography-root MuiTypography-subtitle2 css-chrj9w-MuiTypography-root"
        >
          Erityisaukioloajat:
        </h4>
      </div>
      <div
        class="css-1fhgjcy"
      >
        <p
          class="MuiTypography-root MuiTypography-body2 css-1ak20dk-MuiTypography-root"
        >
          Välillä: 1.5 - 30.9
        </p>
      </div>
      <div
        class="css-1fhgjcy"
      >
        <p
          class="MuiTypography-root MuiTypography-body2 css-1ak20dk-MuiTypography-root"
        >
          Joka päivä kello 7 - 02
        </p>
      </div>
    </div>
  </div>
</div>
`;
