// Jest Snapshot v1, https://goo.gl/fbAQLP

exports[`<ExtendedInfo /> should work 1`] = `
<div>
  <div
    class="injectIntl(ExtendedInfo)-container-1"
  >
    <p
      aria-label="Turussa on käytössä kolme eri vyöhykettä, joilla on eri tuntimaksut."
      class="MuiTypography-root MuiTypography-body2 css-1ak20dk-MuiTypography-root"
    >
      Turussa on käytössä kolme eri vyöhykettä, joilla on eri tuntimaksut.
    </p>
    <ul
      class="injectIntl(ExtendedInfo)-list-3"
    >
      <li>
        <p
          aria-label="Ensimmäinen vyöhyke (ydinkeskusta-alue): 3,60 €/tunti (1.1.2023 alkaen)"
          class="MuiTypography-root MuiTypography-body2 css-1ak20dk-MuiTypography-root"
        >
          Ensimmäinen vyöhyke (ydinkeskusta-alue): 3,60 €/tunti (1.1.2023 alkaen)
        </p>
      </li>
      <li>
        <p
          aria-label="Toinen vyöhyke : 1,80 €/tunti (1.1.2023 alkaen)"
          class="MuiTypography-root MuiTypography-body2 css-1ak20dk-MuiTypography-root"
        >
          Toinen vyöhyke : 1,80 €/tunti (1.1.2023 alkaen)
        </p>
      </li>
      <li>
        <p
          aria-label="Kolmas vyöhyke: 0,60 €/tunti"
          class="MuiTypography-root MuiTypography-body2 css-1ak20dk-MuiTypography-root"
        >
          Kolmas vyöhyke: 0,60 €/tunti
        </p>
      </li>
    </ul>
    <p
      aria-label="3. vyöhyke on voimassa 2. vyöhykkeen rajojen, sekä kaupungin rajojen välisellä alueella."
      class="MuiTypography-root MuiTypography-body2 injectIntl(ExtendedInfo)-margin-2 css-1ak20dk-MuiTypography-root"
    >
      3. vyöhyke on voimassa 2. vyöhykkeen rajojen, sekä kaupungin rajojen välisellä alueella.
    </p>
    <p
      aria-label="Maksullisuus määräytyy kuitenkin aina voimassa olevien liikennemerkkien mukaisesti ja koskee Turun kaupungin katutilaa ja kaupungin omia alueita, kuten kauppahallia ja kaupungintaloa."
      class="MuiTypography-root MuiTypography-body2 css-1ak20dk-MuiTypography-root"
    >
      Maksullisuus määräytyy kuitenkin aina voimassa olevien liikennemerkkien mukaisesti ja koskee Turun kaupungin katutilaa ja kaupungin omia alueita, kuten kauppahallia ja kaupungintaloa.
    </p>
  </div>
</div>
`;
