// Jest Snapshot v1, https://goo.gl/fbAQLP

exports[`<ExtendedInfo /> should work 1`] = `
<div>
  <div
    class="injectIntl(ExtendedInfo)-container-1"
  >
    <p
      aria-label="testiteksti"
      class="MuiTypography-root MuiTypography-body2"
    >
      testiteksti
    </p>
    <ul>
      <li>
        <p
          aria-label="Ensimmäinen vyöhyke (ydinkeskusta-alue): 3,00 €/tunti"
          class="MuiTypography-root MuiTypography-body2"
        >
          Ensimmäinen vyöhyke (ydinkeskusta-alue): 3,00 €/tunti
        </p>
      </li>
      <li>
        <p
          aria-label="Toinen vyöhyke : 1,50 €/tunti"
          class="MuiTypography-root MuiTypography-body2"
        >
          Toinen vyöhyke : 1,50 €/tunti
        </p>
      </li>
      <li>
        <p
          aria-label="Kolmas vyöhyke: 0,60 €/tunti"
          class="MuiTypography-root MuiTypography-body2"
        >
          Kolmas vyöhyke: 0,60 €/tunti
        </p>
      </li>
    </ul>
    <p
      aria-label="testiteksti 2"
      class="MuiTypography-root injectIntl(ExtendedInfo)-margin-2 MuiTypography-body2"
    >
      testiteksti 2
    </p>
    <p
      aria-label="testiteksti 3"
      class="MuiTypography-root MuiTypography-body2"
    >
      testiteksti 3
    </p>
  </div>
</div>
`;
