// Jest Snapshot v1, https://goo.gl/fbAQLP

exports[`<ExtendedInfo /> should work 1`] = `
<div>
  <div
    class="css-1v99wsg"
  >
    <div
      class="css-gx0lhm"
    >
      <p
        class="MuiTypography-root MuiTypography-body2 css-1ak20dk-MuiTypography-root"
      >
        Turussa on käytössä kolme eri vyöhykettä, joilla on eri tuntimaksut.
      </p>
    </div>
    <ul
      class="css-1xlzx9v"
    >
      <li>
        <div
          class="css-gx0lhm"
        >
          <p
            class="MuiTypography-root MuiTypography-body2 css-1ak20dk-MuiTypography-root"
          >
            Ensimmäinen vyöhyke (ydinkeskusta-alue): 3,60 €/tunti (1.1.2023 alkaen)
          </p>
        </div>
      </li>
      <li>
        <div
          class="css-gx0lhm"
        >
          <p
            class="MuiTypography-root MuiTypography-body2 css-1ak20dk-MuiTypography-root"
          >
            Toinen vyöhyke : 1,80 €/tunti (1.1.2023 alkaen)
          </p>
        </div>
      </li>
      <li>
        <div
          class="css-gx0lhm"
        >
          <p
            class="MuiTypography-root MuiTypography-body2 css-1ak20dk-MuiTypography-root"
          >
            Kolmas vyöhyke: 0,60 €/tunti
          </p>
        </div>
      </li>
    </ul>
    <div
      class="css-19idom"
    >
      <p
        class="MuiTypography-root MuiTypography-body2 css-1ak20dk-MuiTypography-root"
      >
        3. vyöhyke on voimassa 2. vyöhykkeen rajojen, sekä kaupungin rajojen välisellä alueella.
      </p>
    </div>
    <div
      class="css-gx0lhm"
    >
      <p
        class="MuiTypography-root MuiTypography-body2 css-1ak20dk-MuiTypography-root"
      >
        Maksullisuus määräytyy kuitenkin aina voimassa olevien liikennemerkkien mukaisesti ja koskee Turun kaupungin katutilaa ja kaupungin omia alueita, kuten kauppahallia ja kaupungintaloa.
      </p>
    </div>
  </div>
</div>
`;
