// Jest Snapshot v1, https://goo.gl/fbAQLP

exports[`<ParkingMachinesContent /> should match snapshot 1`] = `
<div>
  <div
    class="injectIntl(ParkingMachinesContent)-padding-1"
  >
    <div>
      <div
        class="injectIntl(ParkingMachinesContent)-headerContainer-2"
      >
        <h6
          class="MuiTypography-root MuiTypography-subtitle1"
        >
          Pysäköintiautomaatti
        </h6>
      </div>
      <div
        class="injectIntl(ParkingMachinesContent)-textContainer-3"
      >
        <div
          class="injectIntl(TextComponent)-margin-5"
        >
          <p
            class="MuiTypography-root MuiTypography-body2"
          >
            Osoite: osoite
          </p>
        </div>
        <div
          class="injectIntl(TextComponent)-margin-5"
        >
          <p
            class="MuiTypography-root MuiTypography-body2"
          >
            Sijainti: Katuosa
          </p>
        </div>
        <div
          class="injectIntl(ParkingMachinesContent)-margin-4"
        >
          <p
            class="MuiTypography-root MuiTypography-body2"
          >
            Maksu: 1,8 €/t
          </p>
        </div>
        <div
          class="injectIntl(TextComponent)-margin-5"
        >
          <p
            class="MuiTypography-root MuiTypography-body2"
          >
            Maksutavat: Kolikko, kortti, lähimaksu
          </p>
        </div>
        <div
          class="injectIntl(ParkingMachinesContent)-margin-4"
        >
          <p
            class="MuiTypography-root MuiTypography-body2"
          >
            Lisätietoja: Testiteksti
          </p>
        </div>
      </div>
    </div>
  </div>
</div>
`;
