// Jest Snapshot v1, https://goo.gl/fbAQLP

exports[`<RouteLength /> should work 1`] = `
<div>
  <div
    class="css-1oj37t6"
  >
    <p
      class="MuiTypography-root MuiTypography-body2 css-1ak20dk-MuiTypography-root"
    >
      Reitin pituus: 100 km.
    </p>
    <p
      class="MuiTypography-root MuiTypography-body2 css-vkqgf3-MuiTypography-root"
    >
      EuroVelo 10 on eurooppalainen Suomen rannikkoa seuraava polkupyöräreitti. Helsingin ja Turun välisellä matkalla reitti on merkitty opastein.
    </p>
  </div>
</div>
`;
