// Jest Snapshot v1, https://goo.gl/fbAQLP

exports[`<PublicParkingContent /> does match snapshot 1`] = `
<div>
  <div
    class="injectIntl(PublicParkingContent)-container-1"
  >
    <div
      class="injectIntl(PublicParkingContent)-headerContainer-2"
    >
      <div
        class="injectIntl(TextComponent)-margin-5"
      >
        <p
          class="MuiTypography-root MuiTypography-subtitle1 css-dlbwt1-MuiTypography-root"
        >
          Parkkipaikka
        </p>
      </div>
    </div>
    <div
      class="injectIntl(PublicParkingContent)-textContainer-3"
    >
      <div
        class="injectIntl(TextComponent)-margin-5"
      >
        <p
          class="MuiTypography-root MuiTypography-body2 css-1ak20dk-MuiTypography-root"
        >
          Osoite: Testikatu 1
        </p>
      </div>
      <div
        class="injectIntl(PublicParkingContent)-margin-4"
      >
        <p
          class="MuiTypography-root MuiTypography-body2 css-1ak20dk-MuiTypography-root"
        >
          Parkkipaikkojen määrä: 25
        </p>
      </div>
      <div
        class="injectIntl(PublicParkingContent)-margin-4"
      >
        <p
          class="MuiTypography-root MuiTypography-body2 css-1ak20dk-MuiTypography-root"
        >
          Pysäköinnin enimmäisaika: 3 tuntia
        </p>
      </div>
      <div
        class="injectIntl(TextComponent)-margin-5"
      >
        <p
          class="MuiTypography-root MuiTypography-body2 css-1ak20dk-MuiTypography-root"
        >
          Erityisalue
        </p>
      </div>
      <div
        class="injectIntl(TextComponent)-margin-5"
      >
        <p
          class="MuiTypography-root MuiTypography-body2 css-1ak20dk-MuiTypography-root"
        >
          Kiekkopysäköinti
        </p>
      </div>
      <div
        class="injectIntl(PublicParkingContent)-margin-4"
      >
        <p
          class="MuiTypography-root MuiTypography-body2 css-1ak20dk-MuiTypography-root"
        >
          Esteetön pääsy
        </p>
      </div>
    </div>
  </div>
</div>
`;
