// Jest Snapshot v1, https://goo.gl/fbAQLP

exports[`<LinkBasic /> should work 1`] = `
<div>
  <div
    class="LinkBasic-linkContainer-1"
  >
    <a
      class="MuiTypography-root MuiTypography-inherit MuiLink-root MuiLink-underlineAlways css-fixjtq-MuiTypography-root-MuiLink-root"
      href="https://www.turku.fi/feedback"
      target="_blank"
    >
      <p
        aria-label="www.turku.fi/palaute (linkki avautuu uudelle välilehdelle)."
        class="MuiTypography-root MuiTypography-body2 LinkBasic-link-2 css-1ak20dk-MuiTypography-root"
      >
        www.turku.fi/palaute (linkki avautuu uudelle välilehdelle).
      </p>
    </a>
  </div>
</div>
`;
