// Jest Snapshot v1, https://goo.gl/fbAQLP

exports[`<InfoTextBox /> should work 1`] = `
<div>
  <div
    class="css-1d5sdeq"
  >
    <p
      aria-label="Turun alueen julkiset autojen sähkölatauspisteet. Latauspistetiedot perustuvat 12/2023 tehtyyn kartoitukseen."
      class="MuiTypography-root MuiTypography-body2 css-1ak20dk-MuiTypography-root"
    >
      Turun alueen julkiset autojen sähkölatauspisteet. Latauspistetiedot perustuvat 12/2023 tehtyyn kartoitukseen.
    </p>
  </div>
</div>
`;
